Archiving C:\Users\danie\OneDrive\Desktop\Sony Vegas\Liquid Mercury RE\Episode 2.veg
	to C:\Users\danie\OneDrive\Desktop\Sony Vegas\Liquid Mercury RE\Episode 2 File\Episode 2.xml
Copied C:\Users\danie\OneDrive\Desktop\Sony Vegas\Liquid Mercury RE\Amelia\Page 11\Amelia_page 11_line 1.wav
	to C:\Users\danie\OneDrive\Desktop\Sony Vegas\Liquid Mercury RE\Episode 2 File\Amelia_page 11_line 1.wav
Copied C:\Users\danie\OneDrive\Desktop\Sony Vegas\Liquid Mercury RE\Amelia\Page 13\MelDoll_AmeliaLines1 (2).wav
	to C:\Users\danie\OneDrive\Desktop\Sony Vegas\Liquid Mercury RE\Episode 2 File\MelDoll_AmeliaLines1 (2).wav
Copied C:\Users\danie\OneDrive\Desktop\Sony Vegas\Liquid Mercury RE\Amelia\page 14\Amelia Page 14 Line 1.wav
	to C:\Users\danie\OneDrive\Desktop\Sony Vegas\Liquid Mercury RE\Episode 2 File\Amelia Page 14 Line 1.wav
Copied C:\Users\danie\OneDrive\Desktop\Sony Vegas\Liquid Mercury RE\Amelia\page 14\Amelia Page 14 Line 2.wav
	to C:\Users\danie\OneDrive\Desktop\Sony Vegas\Liquid Mercury RE\Episode 2 File\Amelia Page 14 Line 2.wav
Copied C:\Users\danie\OneDrive\Desktop\Sony Vegas\Liquid Mercury RE\Amelia\Page 15\Amelia_Page 15 Line 1.wav
	to C:\Users\danie\OneDrive\Desktop\Sony Vegas\Liquid Mercury RE\Episode 2 File\Amelia_Page 15 Line 1.wav
Copied C:\Users\danie\OneDrive\Desktop\Sony Vegas\Liquid Mercury RE\Amelia\Page 16\Amelia Page 16 line 1.wav
	to C:\Users\danie\OneDrive\Desktop\Sony Vegas\Liquid Mercury RE\Episode 2 File\Amelia Page 16 line 1.wav
Copied C:\Users\danie\OneDrive\Desktop\Sony Vegas\Liquid Mercury RE\Amelia\Page 16\Amelia Page 16 line 2.wav
	to C:\Users\danie\OneDrive\Desktop\Sony Vegas\Liquid Mercury RE\Episode 2 File\Amelia Page 16 line 2.wav
Copied C:\Users\danie\OneDrive\Desktop\Sony Vegas\Liquid Mercury RE\Amelia\Page 16\Amelia Page 16 Line 3.wav
	to C:\Users\danie\OneDrive\Desktop\Sony Vegas\Liquid Mercury RE\Episode 2 File\Amelia Page 16 Line 3.wav
Copied C:\Users\danie\OneDrive\Desktop\Sony Vegas\Liquid Mercury RE\Amelia\Page 16\Amelia Page 16 Line 4.wav
	to C:\Users\danie\OneDrive\Desktop\Sony Vegas\Liquid Mercury RE\Episode 2 File\Amelia Page 16 Line 4.wav
Copied C:\Users\danie\OneDrive\Desktop\Sony Vegas\Liquid Mercury RE\Amelia\Page 16\Amelia Page 16 Line 5.wav
	to C:\Users\danie\OneDrive\Desktop\Sony Vegas\Liquid Mercury RE\Episode 2 File\Amelia Page 16 Line 5.wav
Copied C:\Users\danie\OneDrive\Desktop\Sony Vegas\Liquid Mercury RE\Amelia\Page 16\Amelia Page 16 Line 6.wav
	to C:\Users\danie\OneDrive\Desktop\Sony Vegas\Liquid Mercury RE\Episode 2 File\Amelia Page 16 Line 6.wav
Copied C:\Users\danie\OneDrive\Desktop\Sony Vegas\Liquid Mercury RE\Amelia\Page 16\Amelia Page 16 Line 7.wav
	to C:\Users\danie\OneDrive\Desktop\Sony Vegas\Liquid Mercury RE\Episode 2 File\Amelia Page 16 Line 7.wav
Copied C:\Users\danie\OneDrive\Desktop\Sony Vegas\Liquid Mercury RE\Amelia\Page 17\Amelia Page 17 Line 1.wav
	to C:\Users\danie\OneDrive\Desktop\Sony Vegas\Liquid Mercury RE\Episode 2 File\Amelia Page 17 Line 1.wav
Copied C:\Users\danie\OneDrive\Desktop\Sony Vegas\Liquid Mercury RE\Amelia\Page 17\Amelia Page 17 Line 2.wav
	to C:\Users\danie\OneDrive\Desktop\Sony Vegas\Liquid Mercury RE\Episode 2 File\Amelia Page 17 Line 2.wav
Copied C:\Users\danie\OneDrive\Desktop\Sony Vegas\Liquid Mercury RE\Amelia\Page 17\Amelia Page 17 Line 3.wav
	to C:\Users\danie\OneDrive\Desktop\Sony Vegas\Liquid Mercury RE\Episode 2 File\Amelia Page 17 Line 3.wav
Copied C:\Users\danie\OneDrive\Desktop\Sony Vegas\Liquid Mercury RE\Amelia\Page 17\Amelia Page 17 Line 4.wav
	to C:\Users\danie\OneDrive\Desktop\Sony Vegas\Liquid Mercury RE\Episode 2 File\Amelia Page 17 Line 4.wav
Copied C:\Users\danie\OneDrive\Desktop\Sony Vegas\Liquid Mercury RE\Amelia\Page 17\Amelia Page 17 Line 5.wav
	to C:\Users\danie\OneDrive\Desktop\Sony Vegas\Liquid Mercury RE\Episode 2 File\Amelia Page 17 Line 5.wav
Copied C:\Users\danie\OneDrive\Desktop\Sony Vegas\Liquid Mercury RE\Amelia\Page 18\Amelia Page 18 Line 1.wav
	to C:\Users\danie\OneDrive\Desktop\Sony Vegas\Liquid Mercury RE\Episode 2 File\Amelia Page 18 Line 1.wav
Copied C:\Users\danie\OneDrive\Desktop\Sony Vegas\Liquid Mercury RE\Amelia\Page 18\Amelia Page 18 Line 2.wav
	to C:\Users\danie\OneDrive\Desktop\Sony Vegas\Liquid Mercury RE\Episode 2 File\Amelia Page 18 Line 2.wav
Copied C:\Users\danie\OneDrive\Desktop\Sony Vegas\Liquid Mercury RE\Amelia\Page 18\Amelia Page 18 Line 3.wav
	to C:\Users\danie\OneDrive\Desktop\Sony Vegas\Liquid Mercury RE\Episode 2 File\Amelia Page 18 Line 3.wav
Copied C:\Users\danie\OneDrive\Desktop\Sony Vegas\Liquid Mercury RE\Amelia\Page 18\Amelia Page 18 Line 4.wav
	to C:\Users\danie\OneDrive\Desktop\Sony Vegas\Liquid Mercury RE\Episode 2 File\Amelia Page 18 Line 4.wav
Copied C:\Users\danie\OneDrive\Desktop\Sony Vegas\Liquid Mercury RE\Amelia\Page 19\Amelia Page 19 Line 1.wav
	to C:\Users\danie\OneDrive\Desktop\Sony Vegas\Liquid Mercury RE\Episode 2 File\Amelia Page 19 Line 1.wav
Copied C:\Users\danie\OneDrive\Desktop\Sony Vegas\Liquid Mercury RE\Amelia\Page 19\Amelia page 19 line 2.wav
	to C:\Users\danie\OneDrive\Desktop\Sony Vegas\Liquid Mercury RE\Episode 2 File\Amelia page 19 line 2.wav
Copied C:\Users\danie\OneDrive\Desktop\Sony Vegas\Liquid Mercury RE\Amelia\Page 19\Amelia Page 19 Line 3.wav
	to C:\Users\danie\OneDrive\Desktop\Sony Vegas\Liquid Mercury RE\Episode 2 File\Amelia Page 19 Line 3.wav
Copied C:\Users\danie\OneDrive\Desktop\Sony Vegas\Liquid Mercury RE\Amelia\Page 19\Amelia Page 19 line 4.wav
	to C:\Users\danie\OneDrive\Desktop\Sony Vegas\Liquid Mercury RE\Episode 2 File\Amelia Page 19 line 4.wav
Copied C:\Users\danie\OneDrive\Desktop\Sony Vegas\Liquid Mercury RE\Amelia\Page 19\Amelia Page 19 Line 5.wav
	to C:\Users\danie\OneDrive\Desktop\Sony Vegas\Liquid Mercury RE\Episode 2 File\Amelia Page 19 Line 5.wav
Copied C:\Users\danie\OneDrive\Desktop\Sony Vegas\Liquid Mercury RE\Amelia\Page 20\Amelia Line 1 Page 20.wav
	to C:\Users\danie\OneDrive\Desktop\Sony Vegas\Liquid Mercury RE\Episode 2 File\Amelia Line 1 Page 20.wav
Copied C:\Users\danie\OneDrive\Desktop\Sony Vegas\Liquid Mercury RE\Amelia\Page 20\Amelia Line 2 Page 20.wav
	to C:\Users\danie\OneDrive\Desktop\Sony Vegas\Liquid Mercury RE\Episode 2 File\Amelia Line 2 Page 20.wav
Copied C:\Users\danie\OneDrive\Desktop\Sony Vegas\Liquid Mercury RE\Amelia\Page 21\Amelia Line 1 Page 21.wav
	to C:\Users\danie\OneDrive\Desktop\Sony Vegas\Liquid Mercury RE\Episode 2 File\Amelia Line 1 Page 21.wav
Copied C:\Users\danie\OneDrive\Desktop\Sony Vegas\Liquid Mercury RE\June\Page 17\June Page 17 Line 1.wav
	to C:\Users\danie\OneDrive\Desktop\Sony Vegas\Liquid Mercury RE\Episode 2 File\June Page 17 Line 1.wav
Copied C:\Users\danie\OneDrive\Desktop\Sony Vegas\Liquid Mercury RE\June\Page 17\June Page 17 Line 2.wav
	to C:\Users\danie\OneDrive\Desktop\Sony Vegas\Liquid Mercury RE\Episode 2 File\June Page 17 Line 2.wav
Copied C:\Users\danie\OneDrive\Desktop\Sony Vegas\Liquid Mercury RE\June\Page 17\June Page 17 Line 3.wav
	to C:\Users\danie\OneDrive\Desktop\Sony Vegas\Liquid Mercury RE\Episode 2 File\June Page 17 Line 3.wav
Copied C:\Users\danie\OneDrive\Desktop\Sony Vegas\Liquid Mercury RE\June\Page 22\June Page 22 Line 1.wav
	to C:\Users\danie\OneDrive\Desktop\Sony Vegas\Liquid Mercury RE\Episode 2 File\June Page 22 Line 1.wav
Copied C:\Users\danie\OneDrive\Desktop\Sony Vegas\Liquid Mercury RE\June\Page 22\June Page 22 Line 2.wav
	to C:\Users\danie\OneDrive\Desktop\Sony Vegas\Liquid Mercury RE\Episode 2 File\June Page 22 Line 2.wav
Copied C:\Users\danie\OneDrive\Desktop\Sony Vegas\Liquid Mercury RE\Liquid mercury RE textless\Liquid mercury RE textless-12.png
	to C:\Users\danie\OneDrive\Desktop\Sony Vegas\Liquid Mercury RE\Episode 2 File\Liquid mercury RE textless-12.png
Copied C:\Users\danie\OneDrive\Desktop\Sony Vegas\Liquid Mercury RE\Liquid mercury RE textless\Liquid mercury RE textless-13.png
	to C:\Users\danie\OneDrive\Desktop\Sony Vegas\Liquid Mercury RE\Episode 2 File\Liquid mercury RE textless-13.png
Copied C:\Users\danie\OneDrive\Desktop\Sony Vegas\Liquid Mercury RE\Liquid mercury RE textless\Liquid mercury RE textless-14.png
	to C:\Users\danie\OneDrive\Desktop\Sony Vegas\Liquid Mercury RE\Episode 2 File\Liquid mercury RE textless-14.png
Copied C:\Users\danie\OneDrive\Desktop\Sony Vegas\Liquid Mercury RE\Liquid mercury RE textless\Liquid mercury RE textless-15.png
	to C:\Users\danie\OneDrive\Desktop\Sony Vegas\Liquid Mercury RE\Episode 2 File\Liquid mercury RE textless-15.png
Copied C:\Users\danie\OneDrive\Desktop\Sony Vegas\Liquid Mercury RE\Liquid mercury RE textless\Liquid mercury RE textless-16.png
	to C:\Users\danie\OneDrive\Desktop\Sony Vegas\Liquid Mercury RE\Episode 2 File\Liquid mercury RE textless-16.png
Copied C:\Users\danie\OneDrive\Desktop\Sony Vegas\Liquid Mercury RE\Liquid mercury RE textless\Liquid mercury RE textless-17.png
	to C:\Users\danie\OneDrive\Desktop\Sony Vegas\Liquid Mercury RE\Episode 2 File\Liquid mercury RE textless-17.png
Copied C:\Users\danie\OneDrive\Desktop\Sony Vegas\Liquid Mercury RE\Liquid mercury RE textless\Liquid mercury RE textless-18.png
	to C:\Users\danie\OneDrive\Desktop\Sony Vegas\Liquid Mercury RE\Episode 2 File\Liquid mercury RE textless-18.png
Copied C:\Users\danie\OneDrive\Desktop\Sony Vegas\Liquid Mercury RE\Liquid mercury RE textless\Liquid mercury RE textless-19.png
	to C:\Users\danie\OneDrive\Desktop\Sony Vegas\Liquid Mercury RE\Episode 2 File\Liquid mercury RE textless-19.png
Copied C:\Users\danie\OneDrive\Desktop\Sony Vegas\Liquid Mercury RE\Liquid mercury RE textless\Liquid mercury RE textless-20.png
	to C:\Users\danie\OneDrive\Desktop\Sony Vegas\Liquid Mercury RE\Episode 2 File\Liquid mercury RE textless-20.png
Copied C:\Users\danie\OneDrive\Desktop\Sony Vegas\Liquid Mercury RE\Liquid mercury RE textless\Liquid mercury RE textless-21.png
	to C:\Users\danie\OneDrive\Desktop\Sony Vegas\Liquid Mercury RE\Episode 2 File\Liquid mercury RE textless-21.png
Copied C:\Users\danie\OneDrive\Desktop\Sony Vegas\Liquid Mercury RE\Liquid mercury RE textless\Liquid mercury RE textless-22.png
	to C:\Users\danie\OneDrive\Desktop\Sony Vegas\Liquid Mercury RE\Episode 2 File\Liquid mercury RE textless-22.png
Copied C:\Users\danie\OneDrive\Desktop\Sony Vegas\Liquid Mercury RE\Liquid mercury RE textless\Liquid mercury RE textless-23.png
	to C:\Users\danie\OneDrive\Desktop\Sony Vegas\Liquid Mercury RE\Episode 2 File\Liquid mercury RE textless-23.png
Copied C:\Users\danie\OneDrive\Desktop\Sony Vegas\Liquid Mercury RE\Miller\Page 11\Miller_chapter_11_line 4.wav
	to C:\Users\danie\OneDrive\Desktop\Sony Vegas\Liquid Mercury RE\Episode 2 File\Miller_chapter_11_line 4.wav
Copied C:\Users\danie\OneDrive\Desktop\Sony Vegas\Liquid Mercury RE\Miller\Page 11\Miller_line 1.wav
	to C:\Users\danie\OneDrive\Desktop\Sony Vegas\Liquid Mercury RE\Episode 2 File\Miller_line 1.wav
Copied C:\Users\danie\OneDrive\Desktop\Sony Vegas\Liquid Mercury RE\Miller\Page 11\Miller_Page 11_line 3.wav
	to C:\Users\danie\OneDrive\Desktop\Sony Vegas\Liquid Mercury RE\Episode 2 File\Miller_Page 11_line 3.wav
Copied C:\Users\danie\OneDrive\Desktop\Sony Vegas\Liquid Mercury RE\Miller\Page 11\Miller_page 11_line 5.wav
	to C:\Users\danie\OneDrive\Desktop\Sony Vegas\Liquid Mercury RE\Episode 2 File\Miller_page 11_line 5.wav
Copied C:\Users\danie\OneDrive\Desktop\Sony Vegas\Liquid Mercury RE\Miller\Page 11\Miller_page 11_line 6.wav
	to C:\Users\danie\OneDrive\Desktop\Sony Vegas\Liquid Mercury RE\Episode 2 File\Miller_page 11_line 6.wav
Copied C:\Users\danie\OneDrive\Desktop\Sony Vegas\Liquid Mercury RE\Miller\Page 11\Miller_page 2_line 2.wav
	to C:\Users\danie\OneDrive\Desktop\Sony Vegas\Liquid Mercury RE\Episode 2 File\Miller_page 2_line 2.wav
Copied C:\Users\danie\OneDrive\Desktop\Sony Vegas\Liquid Mercury RE\Miller\Page 22\Miller Page 22 Line 1.wav
	to C:\Users\danie\OneDrive\Desktop\Sony Vegas\Liquid Mercury RE\Episode 2 File\Miller Page 22 Line 1.wav
Copied C:\Users\danie\OneDrive\Desktop\Sony Vegas\Liquid Mercury RE\Miller\Page 22\Miller Page 22 Line 2.wav
	to C:\Users\danie\OneDrive\Desktop\Sony Vegas\Liquid Mercury RE\Episode 2 File\Miller Page 22 Line 2.wav
Copied C:\Users\danie\OneDrive\Desktop\Sony Vegas\Liquid Mercury RE\Prima\Page 13\Prima page 13 Line 1.wav
	to C:\Users\danie\OneDrive\Desktop\Sony Vegas\Liquid Mercury RE\Episode 2 File\Prima page 13 Line 1.wav
Copied C:\Users\danie\OneDrive\Desktop\Sony Vegas\Liquid Mercury RE\Prima\Page 13\Prima Page 13 Line 3.wav
	to C:\Users\danie\OneDrive\Desktop\Sony Vegas\Liquid Mercury RE\Episode 2 File\Prima Page 13 Line 3.wav
Copied C:\Users\danie\OneDrive\Desktop\Sony Vegas\Liquid Mercury RE\Prima\Page 13\Prima Page 13 Line 4.wav
	to C:\Users\danie\OneDrive\Desktop\Sony Vegas\Liquid Mercury RE\Episode 2 File\Prima Page 13 Line 4.wav
Copied C:\Users\danie\OneDrive\Desktop\Sony Vegas\Liquid Mercury RE\Prima\Page 14\Prima Page 14 Line 1.wav
	to C:\Users\danie\OneDrive\Desktop\Sony Vegas\Liquid Mercury RE\Episode 2 File\Prima Page 14 Line 1.wav
Copied C:\Users\danie\OneDrive\Desktop\Sony Vegas\Liquid Mercury RE\Prima\Page 14\Prima Page 14 Line 2.wav
	to C:\Users\danie\OneDrive\Desktop\Sony Vegas\Liquid Mercury RE\Episode 2 File\Prima Page 14 Line 2.wav
Copied C:\Users\danie\OneDrive\Desktop\Sony Vegas\Liquid Mercury RE\Prima\Page 14\Prima Page 14 Line 3.wav
	to C:\Users\danie\OneDrive\Desktop\Sony Vegas\Liquid Mercury RE\Episode 2 File\Prima Page 14 Line 3.wav
Copied C:\Users\danie\OneDrive\Desktop\Sony Vegas\Liquid Mercury RE\Prima\Page 15\Prima_Page 15 Line 1.wav
	to C:\Users\danie\OneDrive\Desktop\Sony Vegas\Liquid Mercury RE\Episode 2 File\Prima_Page 15 Line 1.wav
Copied C:\Users\danie\OneDrive\Desktop\Sony Vegas\Liquid Mercury RE\Prima\Page 15\Prima_Page 15 Line 2.wav
	to C:\Users\danie\OneDrive\Desktop\Sony Vegas\Liquid Mercury RE\Episode 2 File\Prima_Page 15 Line 2.wav
Copied C:\Users\danie\OneDrive\Desktop\Sony Vegas\Liquid Mercury RE\Prima\Page 16\Prima Page 16 line 1.wav
	to C:\Users\danie\OneDrive\Desktop\Sony Vegas\Liquid Mercury RE\Episode 2 File\Prima Page 16 line 1.wav
Copied C:\Users\danie\OneDrive\Desktop\Sony Vegas\Liquid Mercury RE\Prima\Page 16\Prima Page 16 line 2.wav
	to C:\Users\danie\OneDrive\Desktop\Sony Vegas\Liquid Mercury RE\Episode 2 File\Prima Page 16 line 2.wav
Copied C:\Users\danie\OneDrive\Desktop\Sony Vegas\Liquid Mercury RE\Prima\Page 16\Prima Page 16 Line 3.wav
	to C:\Users\danie\OneDrive\Desktop\Sony Vegas\Liquid Mercury RE\Episode 2 File\Prima Page 16 Line 3.wav
Copied C:\Users\danie\OneDrive\Desktop\Sony Vegas\Liquid Mercury RE\Prima\Page 16\Prima Page 16 Line 4.wav
	to C:\Users\danie\OneDrive\Desktop\Sony Vegas\Liquid Mercury RE\Episode 2 File\Prima Page 16 Line 4.wav
Copied C:\Users\danie\OneDrive\Desktop\Sony Vegas\Liquid Mercury RE\Prima\Page 16\Prima Page 16 Line 5.wav
	to C:\Users\danie\OneDrive\Desktop\Sony Vegas\Liquid Mercury RE\Episode 2 File\Prima Page 16 Line 5.wav
Copied C:\Users\danie\OneDrive\Desktop\Sony Vegas\Liquid Mercury RE\Prima\Page 17\Prima Page 17 Line 1.wav
	to C:\Users\danie\OneDrive\Desktop\Sony Vegas\Liquid Mercury RE\Episode 2 File\Prima Page 17 Line 1.wav
Copied C:\Users\danie\OneDrive\Desktop\Sony Vegas\Liquid Mercury RE\Prima\Page 17\Prima page 17 Line 2.wav
	to C:\Users\danie\OneDrive\Desktop\Sony Vegas\Liquid Mercury RE\Episode 2 File\Prima page 17 Line 2.wav
Copied C:\Users\danie\OneDrive\Desktop\Sony Vegas\Liquid Mercury RE\Prima\Page 17\Prima Page 17 Line 3.wav
	to C:\Users\danie\OneDrive\Desktop\Sony Vegas\Liquid Mercury RE\Episode 2 File\Prima Page 17 Line 3.wav
Copied C:\Users\danie\OneDrive\Desktop\Sony Vegas\Liquid Mercury RE\Prima\Page 17\Prima Page 17 Line 4.wav
	to C:\Users\danie\OneDrive\Desktop\Sony Vegas\Liquid Mercury RE\Episode 2 File\Prima Page 17 Line 4.wav
Copied C:\Users\danie\OneDrive\Desktop\Sony Vegas\Liquid Mercury RE\Prima\Page 18\Prima Page 18 Line 1.wav
	to C:\Users\danie\OneDrive\Desktop\Sony Vegas\Liquid Mercury RE\Episode 2 File\Prima Page 18 Line 1.wav
Copied C:\Users\danie\OneDrive\Desktop\Sony Vegas\Liquid Mercury RE\Prima\Page 18\Prima Page 18 Line 2.wav
	to C:\Users\danie\OneDrive\Desktop\Sony Vegas\Liquid Mercury RE\Episode 2 File\Prima Page 18 Line 2.wav
Copied C:\Users\danie\OneDrive\Desktop\Sony Vegas\Liquid Mercury RE\Prima\Page 19\Prima Lines 2 page 19.wav
	to C:\Users\danie\OneDrive\Desktop\Sony Vegas\Liquid Mercury RE\Episode 2 File\Prima Lines 2 page 19.wav
Copied C:\Users\danie\OneDrive\Desktop\Sony Vegas\Liquid Mercury RE\Prima\Page 19\Prima Lines 3 Page 19.wav
	to C:\Users\danie\OneDrive\Desktop\Sony Vegas\Liquid Mercury RE\Episode 2 File\Prima Lines 3 Page 19.wav
Copied C:\Users\danie\OneDrive\Desktop\Sony Vegas\Liquid Mercury RE\Prima\Page 19\Prima Lines 4 Page 19.wav
	to C:\Users\danie\OneDrive\Desktop\Sony Vegas\Liquid Mercury RE\Episode 2 File\Prima Lines 4 Page 19.wav
Copied C:\Users\danie\OneDrive\Desktop\Sony Vegas\Liquid Mercury RE\Prima\Page 19\Prima page 19 Line 1.wav
	to C:\Users\danie\OneDrive\Desktop\Sony Vegas\Liquid Mercury RE\Episode 2 File\Prima page 19 Line 1.wav
Copied C:\Users\danie\OneDrive\Desktop\Sony Vegas\Liquid Mercury RE\Prima\Page 20\Prima Lines 1 Page 20.wav
	to C:\Users\danie\OneDrive\Desktop\Sony Vegas\Liquid Mercury RE\Episode 2 File\Prima Lines 1 Page 20.wav
Copied C:\Users\danie\OneDrive\Desktop\Sony Vegas\Liquid Mercury RE\Prima\Page 20\Prima Lines 2 Page 20.wav
	to C:\Users\danie\OneDrive\Desktop\Sony Vegas\Liquid Mercury RE\Episode 2 File\Prima Lines 2 Page 20.wav
Copied C:\Users\danie\OneDrive\Desktop\Sony Vegas\Liquid Mercury RE\Prima\Page 21\Prima Line 1 Page 21.wav
	to C:\Users\danie\OneDrive\Desktop\Sony Vegas\Liquid Mercury RE\Episode 2 File\Prima Line 1 Page 21.wav
Copied C:\Users\danie\OneDrive\Desktop\Sony Vegas\Liquid Mercury RE\Prima\Page 21\Prima Lines 2 Page 21.wav
	to C:\Users\danie\OneDrive\Desktop\Sony Vegas\Liquid Mercury RE\Episode 2 File\Prima Lines 2 Page 21.wav
Copied C:\Users\danie\OneDrive\Desktop\Sony Vegas\Liquid Mercury RE\Prima\Page 22\System Line 1.wav
	to C:\Users\danie\OneDrive\Desktop\Sony Vegas\Liquid Mercury RE\Episode 2 File\System Line 1.wav
Copied C:\Users\danie\OneDrive\Desktop\Sony Vegas\Liquid Mercury RE\Prima\Prima Page 12 Line 1.wav
	to C:\Users\danie\OneDrive\Desktop\Sony Vegas\Liquid Mercury RE\Episode 2 File\Prima Page 12 Line 1.wav
Copied C:\Users\danie\OneDrive\Desktop\Sony Vegas\Liquid Mercury RE\Prima\Prima Page 12 Line 2.wav
	to C:\Users\danie\OneDrive\Desktop\Sony Vegas\Liquid Mercury RE\Episode 2 File\Prima Page 12 Line 2.wav
Copied C:\Users\danie\OneDrive\Desktop\Sony Vegas\Liquid Mercury RE\System Sounds\Page 11\System_line 1.wav
	to C:\Users\danie\OneDrive\Desktop\Sony Vegas\Liquid Mercury RE\Episode 2 File\System_line 1.wav
Copied C:\Users\danie\OneDrive\Desktop\Sony Vegas\Liquid Mercury RE\System Sounds\Page 11\System_page 11_line 2.wav
	to C:\Users\danie\OneDrive\Desktop\Sony Vegas\Liquid Mercury RE\Episode 2 File\System_page 11_line 2.wav
Copied C:\Users\danie\OneDrive\Desktop\Sony Vegas\Liquid Mercury RE\System Sounds\Page 11\System_page 11_line 3.wav
	to C:\Users\danie\OneDrive\Desktop\Sony Vegas\Liquid Mercury RE\Episode 2 File\System_page 11_line 3.wav
Copied C:\Users\danie\OneDrive\Desktop\Sony Vegas\Liquid Mercury RE\System Sounds\Page 12\System Page 12 Line 1.wav
	to C:\Users\danie\OneDrive\Desktop\Sony Vegas\Liquid Mercury RE\Episode 2 File\System Page 12 Line 1.wav
Copied C:\Users\danie\OneDrive\Desktop\Sony Vegas\Liquid Mercury RE\System Sounds\Page 12\System Page 12 Line 2.wav
	to C:\Users\danie\OneDrive\Desktop\Sony Vegas\Liquid Mercury RE\Episode 2 File\System Page 12 Line 2.wav
Copied C:\Users\danie\OneDrive\Desktop\Sony Vegas\Liquid Mercury RE\System Sounds\Page 12\System Page 12 Line 3.wav
	to C:\Users\danie\OneDrive\Desktop\Sony Vegas\Liquid Mercury RE\Episode 2 File\System Page 12 Line 3.wav
Copied C:\Users\danie\OneDrive\Desktop\Sony Vegas\Liquid Mercury RE\System Sounds\Page 12\System Page 12 Line 4.wav
	to C:\Users\danie\OneDrive\Desktop\Sony Vegas\Liquid Mercury RE\Episode 2 File\System Page 12 Line 4.wav
Copied C:\Users\danie\OneDrive\Desktop\Sony Vegas\Liquid Mercury RE\System Sounds\Page 12\System Page 12 Line 5.wav
	to C:\Users\danie\OneDrive\Desktop\Sony Vegas\Liquid Mercury RE\Episode 2 File\System Page 12 Line 5.wav
Copied C:\Users\danie\OneDrive\Desktop\Sony Vegas\Liquid Mercury RE\System Sounds\Page 12\System Page 12 Line 6.wav
	to C:\Users\danie\OneDrive\Desktop\Sony Vegas\Liquid Mercury RE\Episode 2 File\System Page 12 Line 6.wav
Copied C:\Users\danie\OneDrive\Desktop\Sony Vegas\Liquid Mercury RE\System Sounds\Page 12\System Page 12 Line 7.wav
	to C:\Users\danie\OneDrive\Desktop\Sony Vegas\Liquid Mercury RE\Episode 2 File\System Page 12 Line 7.wav
Copied C:\Users\danie\OneDrive\Desktop\Sony Vegas\Liquid Mercury RE\System Sounds\Page 13\System Page 13 Line 1.wav
	to C:\Users\danie\OneDrive\Desktop\Sony Vegas\Liquid Mercury RE\Episode 2 File\System Page 13 Line 1.wav
Copied C:\Users\danie\OneDrive\Desktop\Sony Vegas\Liquid Mercury RE\System Sounds\Page 13\System Page 13 Line 2.wav
	to C:\Users\danie\OneDrive\Desktop\Sony Vegas\Liquid Mercury RE\Episode 2 File\System Page 13 Line 2.wav
Copied C:\Users\danie\OneDrive\Desktop\Sony Vegas\Liquid Mercury RE\System Sounds\Page 16\System Page 16 Line 1.wav
	to C:\Users\danie\OneDrive\Desktop\Sony Vegas\Liquid Mercury RE\Episode 2 File\System Page 16 Line 1.wav
Copied C:\Users\danie\OneDrive\Desktop\Sony Vegas\Liquid Mercury RE\System Sounds\Page 19\System Page 19 Line 1.wav
	to C:\Users\danie\OneDrive\Desktop\Sony Vegas\Liquid Mercury RE\Episode 2 File\System Page 19 Line 1.wav
Copied C:\Users\danie\OneDrive\Desktop\Sony Vegas\Liquid Mercury RE\System Sounds\Page 20\System sounds Page 20 Line 1.wav
	to C:\Users\danie\OneDrive\Desktop\Sony Vegas\Liquid Mercury RE\Episode 2 File\System sounds Page 20 Line 1.wav
Copied C:\Users\danie\OneDrive\Desktop\Sony Vegas\Liquid Mercury RE\System Sounds\Page 20\System sounds page 20 Line 2.wav
	to C:\Users\danie\OneDrive\Desktop\Sony Vegas\Liquid Mercury RE\Episode 2 File\System sounds page 20 Line 2.wav
Copied C:\Users\danie\OneDrive\Desktop\Sony Vegas\Liquid Mercury RE\System Sounds\Page 20\System sounds Page 20 Line 3.wav
	to C:\Users\danie\OneDrive\Desktop\Sony Vegas\Liquid Mercury RE\Episode 2 File\System sounds Page 20 Line 3.wav
Copied C:\Users\danie\OneDrive\Desktop\Sony Vegas\Liquid Mercury RE\System Sounds\Page 21\System sounds Page 21 Line 1.wav
	to C:\Users\danie\OneDrive\Desktop\Sony Vegas\Liquid Mercury RE\Episode 2 File\System sounds Page 21 Line 1.wav
Copied C:\Users\danie\OneDrive\Desktop\Sony Vegas\Liquid Mercury RE\Wade\Page 17\Wade Page 17 Line 1.wav
	to C:\Users\danie\OneDrive\Desktop\Sony Vegas\Liquid Mercury RE\Episode 2 File\Wade Page 17 Line 1.wav
Copied C:\Users\danie\OneDrive\Desktop\Sony Vegas\Liquid Mercury RE\Wade\Page 18\Wade Page 18 Line 1.wav
	to C:\Users\danie\OneDrive\Desktop\Sony Vegas\Liquid Mercury RE\Episode 2 File\Wade Page 18 Line 1.wav
Copied C:\Users\danie\OneDrive\Desktop\Sony Vegas\Liquid Mercury RE\Wade\Page 18\Wade Page 18 Line 3.wav
	to C:\Users\danie\OneDrive\Desktop\Sony Vegas\Liquid Mercury RE\Episode 2 File\Wade Page 18 Line 3.wav
Copied C:\Users\danie\OneDrive\Desktop\Sony Vegas\Liquid Mercury RE\Wade\Page 22\Wade Page 22 Line 1.wav
	to C:\Users\danie\OneDrive\Desktop\Sony Vegas\Liquid Mercury RE\Episode 2 File\Wade Page 22 Line 1.wav
Deinterlace method ignored.
Motion blur type ignored.
Codec for first video event in sequence not found.
Effects for track 7 ignored.
Loop switch for event at 00:16:29.25 in track 7 ignored.
Loop switch for event at 00:16:36.21 in track 7 ignored.
Loop switch for event at 00:16:45.05 in track 7 ignored.
Loop switch for event at 00:16:58.11 in track 7 ignored.
Effects for track 6 ignored.
Loop switch for event at 00:14:44.01 in track 6 ignored.
Loop switch for event at 00:14:46.07 in track 6 ignored.
Loop switch for event at 00:15:20.14 in track 6 ignored.
Loop switch for event at 00:15:25.12 in track 6 ignored.
Loop switch for event at 00:15:32.17 in track 6 ignored.
Loop switch for event at 00:15:52.03 in track 6 ignored.
Loop switch for event at 00:16:09.09 in track 6 ignored.
Loop switch for event at 00:16:14.07 in track 6 ignored.
Loop switch for event at 00:16:17.01 in track 6 ignored.
Loop switch for event at 00:16:21.05 in track 6 ignored.
Loop switch for event at 00:16:23.14 in track 6 ignored.
Loop switch for event at 00:16:25.05 in track 6 ignored.
Loop switch for event at 00:16:33.15 in track 6 ignored.
Loop switch for event at 00:16:52.03 in track 6 ignored.
Composite mode for track 5 ignored.
Loop switch for event at 00:15:20.14 in track 5 ignored.
Loop switch for event at 00:16:09.09 in track 5 ignored.
Effects for track 4 ignored.
Loop switch for event at 00:00:50.22 in track 4 ignored.
Loop switch for event at 00:02:14.22 in track 4 ignored.
Loop switch for event at 00:03:51.08 in track 4 ignored.
Loop switch for event at 00:05:43.16 in track 4 ignored.
Loop switch for event at 00:05:47.23 in track 4 ignored.
Loop switch for event at 00:05:53.25 in track 4 ignored.
Loop switch for event at 00:05:56.04 in track 4 ignored.
Loop switch for event at 00:06:20.08 in track 4 ignored.
Loop switch for event at 00:06:25.18 in track 4 ignored.
Loop switch for event at 00:07:08.07 in track 4 ignored.
Loop switch for event at 00:07:14.15 in track 4 ignored.
Loop switch for event at 00:08:24.23 in track 4 ignored.
Loop switch for event at 00:08:35.27 in track 4 ignored.
Loop switch for event at 00:08:40.14 in track 4 ignored.
Loop switch for event at 00:08:44.02 in track 4 ignored.
Loop switch for event at 00:08:46.18 in track 4 ignored.
Loop switch for event at 00:08:53.27 in track 4 ignored.
Loop switch for event at 00:08:58.03 in track 4 ignored.
Loop switch for event at 00:08:59.07 in track 4 ignored.
Loop switch for event at 00:09:00.07 in track 4 ignored.
Loop switch for event at 00:09:07.02 in track 4 ignored.
Loop switch for event at 00:09:12.21 in track 4 ignored.
Loop switch for event at 00:09:16.29 in track 4 ignored.
Loop switch for event at 00:09:29.01 in track 4 ignored.
Loop switch for event at 00:09:32.01 in track 4 ignored.
Loop switch for event at 00:09:38.12 in track 4 ignored.
Loop switch for event at 00:09:40.25 in track 4 ignored.
Loop switch for event at 00:10:04.07 in track 4 ignored.
Loop switch for event at 00:10:17.07 in track 4 ignored.
Loop switch for event at 00:10:25.22 in track 4 ignored.
Loop switch for event at 00:10:34.16 in track 4 ignored.
Loop switch for event at 00:10:38.02 in track 4 ignored.
Loop switch for event at 00:10:41.22 in track 4 ignored.
Loop switch for event at 00:10:48.16 in track 4 ignored.
Loop switch for event at 00:10:50.20 in track 4 ignored.
Loop switch for event at 00:11:26.12 in track 4 ignored.
Loop switch for event at 00:11:50.29 in track 4 ignored.
Loop switch for event at 00:11:53.18 in track 4 ignored.
Loop switch for event at 00:12:10.04 in track 4 ignored.
Loop switch for event at 00:12:23.19 in track 4 ignored.
Loop switch for event at 00:12:55.20 in track 4 ignored.
Loop switch for event at 00:12:58.27 in track 4 ignored.
Loop switch for event at 00:13:06.27 in track 4 ignored.
Loop switch for event at 00:13:11.00 in track 4 ignored.
Loop switch for event at 00:13:23.07 in track 4 ignored.
Loop switch for event at 00:13:28.13 in track 4 ignored.
Loop switch for event at 00:13:30.24 in track 4 ignored.
Loop switch for event at 00:13:32.08 in track 4 ignored.
Loop switch for event at 00:14:06.18 in track 4 ignored.
Loop switch for event at 00:14:12.14 in track 4 ignored.
Loop switch for event at 00:14:36.00 in track 4 ignored.
Loop switch for event at 00:14:40.13 in track 4 ignored.
Loop switch for event at 00:14:47.28 in track 4 ignored.
Loop switch for event at 00:14:59.17 in track 4 ignored.
Loop switch for event at 00:15:08.03 in track 4 ignored.
Composite mode for track 3 ignored.
Loop switch for event at 00:05:43.16 in track 3 ignored.
Loop switch for event at 00:08:53.27 in track 3 ignored.
Loop switch for event at 00:10:25.22 in track 3 ignored.
Loop switch for event at 00:12:10.04 in track 3 ignored.
Loop switch for event at 00:14:06.18 in track 3 ignored.
Effects for track 2 ignored.
Loop switch for event at 00:00:00.00 in track 2 ignored.
Loop switch for event at 00:00:12.16 in track 2 ignored.
Loop switch for event at 00:00:24.27 in track 2 ignored.
Loop switch for event at 00:00:30.03 in track 2 ignored.
Loop switch for event at 00:00:40.21 in track 2 ignored.
Loop switch for event at 00:01:18.00 in track 2 ignored.
Loop switch for event at 00:01:24.22 in track 2 ignored.
Loop switch for event at 00:01:27.05 in track 2 ignored.
Loop switch for event at 00:01:32.11 in track 2 ignored.
Loop switch for event at 00:01:38.05 in track 2 ignored.
Loop switch for event at 00:01:41.07 in track 2 ignored.
Loop switch for event at 00:01:49.16 in track 2 ignored.
Loop switch for event at 00:02:00.00 in track 2 ignored.
Loop switch for event at 00:02:07.22 in track 2 ignored.
Loop switch for event at 00:02:09.25 in track 2 ignored.
Loop switch for event at 00:02:21.22 in track 2 ignored.
Loop switch for event at 00:02:25.06 in track 2 ignored.
Loop switch for event at 00:02:38.27 in track 2 ignored.
Loop switch for event at 00:02:41.16 in track 2 ignored.
Loop switch for event at 00:02:46.22 in track 2 ignored.
Loop switch for event at 00:02:55.02 in track 2 ignored.
Loop switch for event at 00:02:57.29 in track 2 ignored.
Loop switch for event at 00:02:58.22 in track 2 ignored.
Loop switch for event at 00:03:02.18 in track 2 ignored.
Loop switch for event at 00:03:15.29 in track 2 ignored.
Loop switch for event at 00:03:33.17 in track 2 ignored.
Loop switch for event at 00:03:41.08 in track 2 ignored.
Loop switch for event at 00:03:57.12 in track 2 ignored.
Loop switch for event at 00:04:19.01 in track 2 ignored.
Loop switch for event at 00:04:33.01 in track 2 ignored.
Loop switch for event at 00:04:37.06 in track 2 ignored.
Loop switch for event at 00:04:37.27 in track 2 ignored.
Loop switch for event at 00:04:54.26 in track 2 ignored.
Loop switch for event at 00:05:07.24 in track 2 ignored.
Loop switch for event at 00:05:11.25 in track 2 ignored.
Composite mode for track 1 ignored.
Loop switch for event at 00:00:00.00 in track 1 ignored.
Loop switch for event at 00:02:00.00 in track 1 ignored.
Loop switch for event at 00:02:57.29 in track 1 ignored.
Loop switch for event at 00:03:54.01 in track 1 ignored.
Loop switch for event at 00:04:54.26 in track 1 ignored.
Saved project C:\Users\danie\OneDrive\Desktop\Sony Vegas\Liquid Mercury RE\Episode 2.veg
	to C:\Users\danie\OneDrive\Desktop\Sony Vegas\Liquid Mercury RE\Episode 2 File\Episode 2.xml
Archiving complete.
